Analysis & Synthesis report for project1_ads
Tue Oct 17 21:23:18 2023
Quartus Prime Version 22.1std.2 Build 922 07/20/2023 SC Lite Edition


---------------------
; Table of Contents ;
---------------------
  1. Legal Notice
  2. Analysis & Synthesis Summary
  3. Analysis & Synthesis Settings
  4. Parallel Compilation
  5. Analysis & Synthesis Source Files Read
  6. Analysis & Synthesis Resource Usage Summary
  7. Analysis & Synthesis Resource Utilization by Entity
  8. General Register Statistics
  9. Parameter Settings for User Entity Instance: Top-level Entity: |project1_ads
 10. Parameter Settings for User Entity Instance: ro_puf:my_ro_puf
 11. Parameter Settings for User Entity Instance: ro_puf:my_ro_puf|ring_oscillator:\ro_chain:0:ro0
 12. Parameter Settings for User Entity Instance: ro_puf:my_ro_puf|ring_oscillator:\ro_chain:1:ro0
 13. Parameter Settings for User Entity Instance: ro_puf:my_ro_puf|ring_oscillator:\ro_chain:2:ro0
 14. Parameter Settings for User Entity Instance: ro_puf:my_ro_puf|ring_oscillator:\ro_chain:3:ro0
 15. Parameter Settings for User Entity Instance: ro_puf:my_ro_puf|ring_oscillator:\ro_chain:4:ro0
 16. Parameter Settings for User Entity Instance: ro_puf:my_ro_puf|ring_oscillator:\ro_chain:5:ro0
 17. Parameter Settings for User Entity Instance: ro_puf:my_ro_puf|ring_oscillator:\ro_chain:6:ro0
 18. Parameter Settings for User Entity Instance: ro_puf:my_ro_puf|ring_oscillator:\ro_chain:7:ro0
 19. Parameter Settings for User Entity Instance: ro_puf:my_ro_puf|ring_oscillator:\ro_chain:8:ro0
 20. Parameter Settings for User Entity Instance: ro_puf:my_ro_puf|ring_oscillator:\ro_chain:9:ro0
 21. Parameter Settings for User Entity Instance: ro_puf:my_ro_puf|ring_oscillator:\ro_chain:10:ro0
 22. Parameter Settings for User Entity Instance: ro_puf:my_ro_puf|ring_oscillator:\ro_chain:11:ro0
 23. Parameter Settings for User Entity Instance: ro_puf:my_ro_puf|ring_oscillator:\ro_chain:12:ro0
 24. Parameter Settings for User Entity Instance: ro_puf:my_ro_puf|ring_oscillator:\ro_chain:13:ro0
 25. Parameter Settings for User Entity Instance: ro_puf:my_ro_puf|ring_oscillator:\ro_chain:14:ro0
 26. Parameter Settings for User Entity Instance: ro_puf:my_ro_puf|ring_oscillator:\ro_chain:15:ro0
 27. Port Connectivity Checks: "ro_puf:my_ro_puf|counter:\ro_chain:15:count0"
 28. Port Connectivity Checks: "ro_puf:my_ro_puf|counter:\ro_chain:14:count0"
 29. Port Connectivity Checks: "ro_puf:my_ro_puf|counter:\ro_chain:13:count0"
 30. Port Connectivity Checks: "ro_puf:my_ro_puf|counter:\ro_chain:12:count0"
 31. Port Connectivity Checks: "ro_puf:my_ro_puf|counter:\ro_chain:11:count0"
 32. Port Connectivity Checks: "ro_puf:my_ro_puf|counter:\ro_chain:10:count0"
 33. Port Connectivity Checks: "ro_puf:my_ro_puf|counter:\ro_chain:9:count0"
 34. Port Connectivity Checks: "ro_puf:my_ro_puf|counter:\ro_chain:8:count0"
 35. Port Connectivity Checks: "ro_puf:my_ro_puf|counter:\ro_chain:7:count0"
 36. Port Connectivity Checks: "ro_puf:my_ro_puf|counter:\ro_chain:6:count0"
 37. Port Connectivity Checks: "ro_puf:my_ro_puf|counter:\ro_chain:5:count0"
 38. Port Connectivity Checks: "ro_puf:my_ro_puf|counter:\ro_chain:4:count0"
 39. Port Connectivity Checks: "ro_puf:my_ro_puf|counter:\ro_chain:3:count0"
 40. Port Connectivity Checks: "ro_puf:my_ro_puf|counter:\ro_chain:2:count0"
 41. Port Connectivity Checks: "ro_puf:my_ro_puf|counter:\ro_chain:1:count0"
 42. Port Connectivity Checks: "ro_puf:my_ro_puf|counter:\ro_chain:0:count0"
 43. Port Connectivity Checks: "ro_puf:my_ro_puf"
 44. Post-Synthesis Netlist Statistics for Top Partition
 45. Elapsed Time Per Partition
 46. Analysis & Synthesis Messages



----------------
; Legal Notice ;
----------------
Copyright (C) 2023  Intel Corporation. All rights reserved.
Your use of Intel Corporation's design tools, logic functions 
and other software and tools, and any partner logic 
functions, and any output files from any of the foregoing 
(including device programming or simulation files), and any 
associated documentation or information are expressly subject 
to the terms and conditions of the Intel Program License 
Subscription Agreement, the Intel Quartus Prime License Agreement,
the Intel FPGA IP License Agreement, or other applicable license
agreement, including, without limitation, that your use is for
the sole purpose of programming logic devices manufactured by
Intel and sold by Intel or its authorized distributors.  Please
refer to the applicable agreement for further details, at
https://fpgasoftware.intel.com/eula.



+-------------------------------------------------------------------------------------+
; Analysis & Synthesis Summary                                                        ;
+------------------------------------+------------------------------------------------+
; Analysis & Synthesis Status        ; Successful - Tue Oct 17 21:23:18 2023          ;
; Quartus Prime Version              ; 22.1std.2 Build 922 07/20/2023 SC Lite Edition ;
; Revision Name                      ; project1_ads                                   ;
; Top-level Entity Name              ; project1_ads                                   ;
; Family                             ; MAX 10                                         ;
; Total logic elements               ; 0                                              ;
;     Total combinational functions  ; 0                                              ;
;     Dedicated logic registers      ; 0                                              ;
; Total registers                    ; 0                                              ;
; Total pins                         ; 6                                              ;
; Total virtual pins                 ; 0                                              ;
; Total memory bits                  ; 0                                              ;
; Embedded Multiplier 9-bit elements ; 0                                              ;
; Total PLLs                         ; 0                                              ;
; UFM blocks                         ; 0                                              ;
; ADC blocks                         ; 0                                              ;
+------------------------------------+------------------------------------------------+


+------------------------------------------------------------------------------------------------------------+
; Analysis & Synthesis Settings                                                                              ;
+------------------------------------------------------------------+--------------------+--------------------+
; Option                                                           ; Setting            ; Default Value      ;
+------------------------------------------------------------------+--------------------+--------------------+
; Device                                                           ; 10M50DAF484C6GES   ;                    ;
; Top-level entity name                                            ; project1_ads       ; project1_ads       ;
; Family name                                                      ; MAX 10             ; Cyclone V          ;
; Use smart compilation                                            ; Off                ; Off                ;
; Enable parallel Assembler and Timing Analyzer during compilation ; On                 ; On                 ;
; Enable compact report table                                      ; Off                ; Off                ;
; Restructure Multiplexers                                         ; Auto               ; Auto               ;
; Create Debugging Nodes for IP Cores                              ; Off                ; Off                ;
; Preserve fewer node names                                        ; On                 ; On                 ;
; Intel FPGA IP Evaluation Mode                                    ; Enable             ; Enable             ;
; Verilog Version                                                  ; Verilog_2001       ; Verilog_2001       ;
; VHDL Version                                                     ; VHDL_1993          ; VHDL_1993          ;
; State Machine Processing                                         ; Auto               ; Auto               ;
; Safe State Machine                                               ; Off                ; Off                ;
; Extract Verilog State Machines                                   ; On                 ; On                 ;
; Extract VHDL State Machines                                      ; On                 ; On                 ;
; Ignore Verilog initial constructs                                ; Off                ; Off                ;
; Iteration limit for constant Verilog loops                       ; 5000               ; 5000               ;
; Iteration limit for non-constant Verilog loops                   ; 250                ; 250                ;
; Add Pass-Through Logic to Inferred RAMs                          ; On                 ; On                 ;
; Infer RAMs from Raw Logic                                        ; On                 ; On                 ;
; Parallel Synthesis                                               ; On                 ; On                 ;
; DSP Block Balancing                                              ; Auto               ; Auto               ;
; NOT Gate Push-Back                                               ; On                 ; On                 ;
; Power-Up Don't Care                                              ; On                 ; On                 ;
; Remove Redundant Logic Cells                                     ; Off                ; Off                ;
; Remove Duplicate Registers                                       ; On                 ; On                 ;
; Ignore CARRY Buffers                                             ; Off                ; Off                ;
; Ignore CASCADE Buffers                                           ; Off                ; Off                ;
; Ignore GLOBAL Buffers                                            ; Off                ; Off                ;
; Ignore ROW GLOBAL Buffers                                        ; Off                ; Off                ;
; Ignore LCELL Buffers                                             ; Off                ; Off                ;
; Ignore SOFT Buffers                                              ; On                 ; On                 ;
; Limit AHDL Integers to 32 Bits                                   ; Off                ; Off                ;
; Optimization Technique                                           ; Balanced           ; Balanced           ;
; Carry Chain Length                                               ; 70                 ; 70                 ;
; Auto Carry Chains                                                ; On                 ; On                 ;
; Auto Open-Drain Pins                                             ; On                 ; On                 ;
; Perform WYSIWYG Primitive Resynthesis                            ; Off                ; Off                ;
; Auto ROM Replacement                                             ; On                 ; On                 ;
; Auto RAM Replacement                                             ; On                 ; On                 ;
; Auto DSP Block Replacement                                       ; On                 ; On                 ;
; Auto Shift Register Replacement                                  ; Auto               ; Auto               ;
; Allow Shift Register Merging across Hierarchies                  ; Auto               ; Auto               ;
; Auto Clock Enable Replacement                                    ; On                 ; On                 ;
; Strict RAM Replacement                                           ; Off                ; Off                ;
; Allow Synchronous Control Signals                                ; On                 ; On                 ;
; Force Use of Synchronous Clear Signals                           ; Off                ; Off                ;
; Auto RAM Block Balancing                                         ; On                 ; On                 ;
; Auto RAM to Logic Cell Conversion                                ; Off                ; Off                ;
; Auto Resource Sharing                                            ; Off                ; Off                ;
; Allow Any RAM Size For Recognition                               ; Off                ; Off                ;
; Allow Any ROM Size For Recognition                               ; Off                ; Off                ;
; Allow Any Shift Register Size For Recognition                    ; Off                ; Off                ;
; Use LogicLock Constraints during Resource Balancing              ; On                 ; On                 ;
; Ignore translate_off and synthesis_off directives                ; Off                ; Off                ;
; Timing-Driven Synthesis                                          ; On                 ; On                 ;
; Report Parameter Settings                                        ; On                 ; On                 ;
; Report Source Assignments                                        ; On                 ; On                 ;
; Report Connectivity Checks                                       ; On                 ; On                 ;
; Ignore Maximum Fan-Out Assignments                               ; Off                ; Off                ;
; Synchronization Register Chain Length                            ; 2                  ; 2                  ;
; Power Optimization During Synthesis                              ; Normal compilation ; Normal compilation ;
; HDL message level                                                ; Level2             ; Level2             ;
; Suppress Register Optimization Related Messages                  ; Off                ; Off                ;
; Number of Removed Registers Reported in Synthesis Report         ; 5000               ; 5000               ;
; Number of Swept Nodes Reported in Synthesis Report               ; 5000               ; 5000               ;
; Number of Inverted Registers Reported in Synthesis Report        ; 100                ; 100                ;
; Clock MUX Protection                                             ; On                 ; On                 ;
; Auto Gated Clock Conversion                                      ; Off                ; Off                ;
; Block Design Naming                                              ; Auto               ; Auto               ;
; SDC constraint protection                                        ; Off                ; Off                ;
; Synthesis Effort                                                 ; Auto               ; Auto               ;
; Shift Register Replacement - Allow Asynchronous Clear Signal     ; On                 ; On                 ;
; Pre-Mapping Resynthesis Optimization                             ; Off                ; Off                ;
; Analysis & Synthesis Message Level                               ; Medium             ; Medium             ;
; Disable Register Merging Across Hierarchies                      ; Auto               ; Auto               ;
; Resource Aware Inference For Block RAM                           ; On                 ; On                 ;
+------------------------------------------------------------------+--------------------+--------------------+


+------------------------------------------+
; Parallel Compilation                     ;
+----------------------------+-------------+
; Processors                 ; Number      ;
+----------------------------+-------------+
; Number detected on machine ; 4           ;
; Maximum allowed            ; 4           ;
;                            ;             ;
; Average used               ; 1.00        ;
; Maximum used               ; 1           ;
;                            ;             ;
; Usage by Processor         ; % Time Used ;
;     Processor 1            ; 100.0%      ;
+----------------------------+-------------+


+-----------------------------------------------------------------------------------------------------------------------------------------------+
; Analysis & Synthesis Source Files Read                                                                                                        ;
+----------------------------------+-----------------+-----------------+--------------------------------------------------------------+---------+
; File Name with User-Entered Path ; Used in Netlist ; File Type       ; File Name with Absolute Path                                 ; Library ;
+----------------------------------+-----------------+-----------------+--------------------------------------------------------------+---------+
; project1_ads.vhd                 ; yes             ; User VHDL File  ; /home/smcginn-adsd/src/ads/project_1_ads/project1_ads.vhd    ;         ;
; ro_puf.vhd                       ; yes             ; User VHDL File  ; /home/smcginn-adsd/src/ads/project_1_ads/ro_puf.vhd          ;         ;
; ring_oscillator.vhd              ; yes             ; User VHDL File  ; /home/smcginn-adsd/src/ads/project_1_ads/ring_oscillator.vhd ;         ;
; project1_pkg.vhd                 ; yes             ; User VHDL File  ; /home/smcginn-adsd/src/ads/project_1_ads/project1_pkg.vhd    ; work    ;
; counter.vhd                      ; yes             ; User VHDL File  ; /home/smcginn-adsd/src/ads/project_1_ads/counter.vhd         ;         ;
; my_inverter.vhd                  ; yes             ; User VHDL File  ; /home/smcginn-adsd/src/ads/project_1_ads/my_inverter.vhd     ;         ;
; my_nand2.vhd                     ; yes             ; User VHDL File  ; /home/smcginn-adsd/src/ads/project_1_ads/my_nand2.vhd        ;         ;
+----------------------------------+-----------------+-----------------+--------------------------------------------------------------+---------+


+------------------------------------------------------------+
; Analysis & Synthesis Resource Usage Summary                ;
+---------------------------------------------+--------------+
; Resource                                    ; Usage        ;
+---------------------------------------------+--------------+
;                                             ;              ;
; Total combinational functions               ; 0            ;
; Logic element usage by number of LUT inputs ;              ;
;     -- 4 input functions                    ; 0            ;
;     -- 3 input functions                    ; 0            ;
;     -- <=2 input functions                  ; 0            ;
;                                             ;              ;
; Logic elements by mode                      ;              ;
;     -- normal mode                          ; 0            ;
;     -- arithmetic mode                      ; 0            ;
;                                             ;              ;
; Total registers                             ; 0            ;
;     -- Dedicated logic registers            ; 0            ;
;     -- I/O registers                        ; 0            ;
;                                             ;              ;
; I/O pins                                    ; 6            ;
;                                             ;              ;
; Embedded Multiplier 9-bit elements          ; 0            ;
;                                             ;              ;
; Maximum fan-out node                        ; reset~output ;
; Maximum fan-out                             ; 1            ;
; Total fan-out                               ; 6            ;
; Average fan-out                             ; 0.50         ;
+---------------------------------------------+--------------+


+-------------------------------------------------------------------------------------------------------------------------------------------------------------------------------------------------------------------------------------+
; Analysis & Synthesis Resource Utilization by Entity                                                                                                                                                                                 ;
+----------------------------+---------------------+---------------------------+-------------+------------+--------------+---------+-----------+------+--------------+------------+---------------------+--------------+--------------+
; Compilation Hierarchy Node ; Combinational ALUTs ; Dedicated Logic Registers ; Memory Bits ; UFM Blocks ; DSP Elements ; DSP 9x9 ; DSP 18x18 ; Pins ; Virtual Pins ; ADC blocks ; Full Hierarchy Name ; Entity Name  ; Library Name ;
+----------------------------+---------------------+---------------------------+-------------+------------+--------------+---------+-----------+------+--------------+------------+---------------------+--------------+--------------+
; |project1_ads              ; 0 (0)               ; 0 (0)                     ; 0           ; 0          ; 0            ; 0       ; 0         ; 6    ; 0            ; 0          ; |project1_ads       ; project1_ads ; work         ;
+----------------------------+---------------------+---------------------------+-------------+------------+--------------+---------+-----------+------+--------------+------------+---------------------+--------------+--------------+
Note: For table entries with two numbers listed, the numbers in parentheses indicate the number of resources of the given type used by the specific entity alone. The numbers listed outside of parentheses indicate the total resources of the given type used by the specific entity and all of its sub-entities in the hierarchy.


+------------------------------------------------------+
; General Register Statistics                          ;
+----------------------------------------------+-------+
; Statistic                                    ; Value ;
+----------------------------------------------+-------+
; Total registers                              ; 0     ;
; Number of registers using Synchronous Clear  ; 0     ;
; Number of registers using Synchronous Load   ; 0     ;
; Number of registers using Asynchronous Clear ; 0     ;
; Number of registers using Asynchronous Load  ; 0     ;
; Number of registers using Clock Enable       ; 0     ;
; Number of registers using Preset             ; 0     ;
+----------------------------------------------+-------+


+------------------------------------------------------------------------------+
; Parameter Settings for User Entity Instance: Top-level Entity: |project1_ads ;
+----------------+-------+-----------------------------------------------------+
; Parameter Name ; Value ; Type                                                ;
+----------------+-------+-----------------------------------------------------+
; clock_freq     ; 50    ; Signed Integer                                      ;
; probe_delay    ; 500   ; Signed Integer                                      ;
; ro_length      ; 12    ; Signed Integer                                      ;
; ro_count       ; 16    ; Signed Integer                                      ;
+----------------+-------+-----------------------------------------------------+
Note: In order to hide this table in the UI and the text report file, please set the "Show Parameter Settings in Synthesis Report" option in "Analysis and Synthesis Settings -> More Settings" to "Off".


+---------------------------------------------------------------+
; Parameter Settings for User Entity Instance: ro_puf:my_ro_puf ;
+---------------------+-------+---------------------------------+
; Parameter Name      ; Value ; Type                            ;
+---------------------+-------+---------------------------------+
; ro_length           ; 12    ; Signed Integer                  ;
; ro_count            ; 16    ; Signed Integer                  ;
; challenge_bit_width ; 7     ; Signed Integer                  ;
+---------------------+-------+---------------------------------+
Note: In order to hide this table in the UI and the text report file, please set the "Show Parameter Settings in Synthesis Report" option in "Analysis and Synthesis Settings -> More Settings" to "Off".


+-----------------------------------------------------------------------------------------------+
; Parameter Settings for User Entity Instance: ro_puf:my_ro_puf|ring_oscillator:\ro_chain:0:ro0 ;
+----------------+-------+----------------------------------------------------------------------+
; Parameter Name ; Value ; Type                                                                 ;
+----------------+-------+----------------------------------------------------------------------+
; num_stages     ; 12    ; Signed Integer                                                       ;
+----------------+-------+----------------------------------------------------------------------+
Note: In order to hide this table in the UI and the text report file, please set the "Show Parameter Settings in Synthesis Report" option in "Analysis and Synthesis Settings -> More Settings" to "Off".


+-----------------------------------------------------------------------------------------------+
; Parameter Settings for User Entity Instance: ro_puf:my_ro_puf|ring_oscillator:\ro_chain:1:ro0 ;
+----------------+-------+----------------------------------------------------------------------+
; Parameter Name ; Value ; Type                                                                 ;
+----------------+-------+----------------------------------------------------------------------+
; num_stages     ; 12    ; Signed Integer                                                       ;
+----------------+-------+----------------------------------------------------------------------+
Note: In order to hide this table in the UI and the text report file, please set the "Show Parameter Settings in Synthesis Report" option in "Analysis and Synthesis Settings -> More Settings" to "Off".


+-----------------------------------------------------------------------------------------------+
; Parameter Settings for User Entity Instance: ro_puf:my_ro_puf|ring_oscillator:\ro_chain:2:ro0 ;
+----------------+-------+----------------------------------------------------------------------+
; Parameter Name ; Value ; Type                                                                 ;
+----------------+-------+----------------------------------------------------------------------+
; num_stages     ; 12    ; Signed Integer                                                       ;
+----------------+-------+----------------------------------------------------------------------+
Note: In order to hide this table in the UI and the text report file, please set the "Show Parameter Settings in Synthesis Report" option in "Analysis and Synthesis Settings -> More Settings" to "Off".


+-----------------------------------------------------------------------------------------------+
; Parameter Settings for User Entity Instance: ro_puf:my_ro_puf|ring_oscillator:\ro_chain:3:ro0 ;
+----------------+-------+----------------------------------------------------------------------+
; Parameter Name ; Value ; Type                                                                 ;
+----------------+-------+----------------------------------------------------------------------+
; num_stages     ; 12    ; Signed Integer                                                       ;
+----------------+-------+----------------------------------------------------------------------+
Note: In order to hide this table in the UI and the text report file, please set the "Show Parameter Settings in Synthesis Report" option in "Analysis and Synthesis Settings -> More Settings" to "Off".


+-----------------------------------------------------------------------------------------------+
; Parameter Settings for User Entity Instance: ro_puf:my_ro_puf|ring_oscillator:\ro_chain:4:ro0 ;
+----------------+-------+----------------------------------------------------------------------+
; Parameter Name ; Value ; Type                                                                 ;
+----------------+-------+----------------------------------------------------------------------+
; num_stages     ; 12    ; Signed Integer                                                       ;
+----------------+-------+----------------------------------------------------------------------+
Note: In order to hide this table in the UI and the text report file, please set the "Show Parameter Settings in Synthesis Report" option in "Analysis and Synthesis Settings -> More Settings" to "Off".


+-----------------------------------------------------------------------------------------------+
; Parameter Settings for User Entity Instance: ro_puf:my_ro_puf|ring_oscillator:\ro_chain:5:ro0 ;
+----------------+-------+----------------------------------------------------------------------+
; Parameter Name ; Value ; Type                                                                 ;
+----------------+-------+----------------------------------------------------------------------+
; num_stages     ; 12    ; Signed Integer                                                       ;
+----------------+-------+----------------------------------------------------------------------+
Note: In order to hide this table in the UI and the text report file, please set the "Show Parameter Settings in Synthesis Report" option in "Analysis and Synthesis Settings -> More Settings" to "Off".


+-----------------------------------------------------------------------------------------------+
; Parameter Settings for User Entity Instance: ro_puf:my_ro_puf|ring_oscillator:\ro_chain:6:ro0 ;
+----------------+-------+----------------------------------------------------------------------+
; Parameter Name ; Value ; Type                                                                 ;
+----------------+-------+----------------------------------------------------------------------+
; num_stages     ; 12    ; Signed Integer                                                       ;
+----------------+-------+----------------------------------------------------------------------+
Note: In order to hide this table in the UI and the text report file, please set the "Show Parameter Settings in Synthesis Report" option in "Analysis and Synthesis Settings -> More Settings" to "Off".


+-----------------------------------------------------------------------------------------------+
; Parameter Settings for User Entity Instance: ro_puf:my_ro_puf|ring_oscillator:\ro_chain:7:ro0 ;
+----------------+-------+----------------------------------------------------------------------+
; Parameter Name ; Value ; Type                                                                 ;
+----------------+-------+----------------------------------------------------------------------+
; num_stages     ; 12    ; Signed Integer                                                       ;
+----------------+-------+----------------------------------------------------------------------+
Note: In order to hide this table in the UI and the text report file, please set the "Show Parameter Settings in Synthesis Report" option in "Analysis and Synthesis Settings -> More Settings" to "Off".


+-----------------------------------------------------------------------------------------------+
; Parameter Settings for User Entity Instance: ro_puf:my_ro_puf|ring_oscillator:\ro_chain:8:ro0 ;
+----------------+-------+----------------------------------------------------------------------+
; Parameter Name ; Value ; Type                                                                 ;
+----------------+-------+----------------------------------------------------------------------+
; num_stages     ; 12    ; Signed Integer                                                       ;
+----------------+-------+----------------------------------------------------------------------+
Note: In order to hide this table in the UI and the text report file, please set the "Show Parameter Settings in Synthesis Report" option in "Analysis and Synthesis Settings -> More Settings" to "Off".


+-----------------------------------------------------------------------------------------------+
; Parameter Settings for User Entity Instance: ro_puf:my_ro_puf|ring_oscillator:\ro_chain:9:ro0 ;
+----------------+-------+----------------------------------------------------------------------+
; Parameter Name ; Value ; Type                                                                 ;
+----------------+-------+----------------------------------------------------------------------+
; num_stages     ; 12    ; Signed Integer                                                       ;
+----------------+-------+----------------------------------------------------------------------+
Note: In order to hide this table in the UI and the text report file, please set the "Show Parameter Settings in Synthesis Report" option in "Analysis and Synthesis Settings -> More Settings" to "Off".


+------------------------------------------------------------------------------------------------+
; Parameter Settings for User Entity Instance: ro_puf:my_ro_puf|ring_oscillator:\ro_chain:10:ro0 ;
+----------------+-------+-----------------------------------------------------------------------+
; Parameter Name ; Value ; Type                                                                  ;
+----------------+-------+-----------------------------------------------------------------------+
; num_stages     ; 12    ; Signed Integer                                                        ;
+----------------+-------+-----------------------------------------------------------------------+
Note: In order to hide this table in the UI and the text report file, please set the "Show Parameter Settings in Synthesis Report" option in "Analysis and Synthesis Settings -> More Settings" to "Off".


+------------------------------------------------------------------------------------------------+
; Parameter Settings for User Entity Instance: ro_puf:my_ro_puf|ring_oscillator:\ro_chain:11:ro0 ;
+----------------+-------+-----------------------------------------------------------------------+
; Parameter Name ; Value ; Type                                                                  ;
+----------------+-------+-----------------------------------------------------------------------+
; num_stages     ; 12    ; Signed Integer                                                        ;
+----------------+-------+-----------------------------------------------------------------------+
Note: In order to hide this table in the UI and the text report file, please set the "Show Parameter Settings in Synthesis Report" option in "Analysis and Synthesis Settings -> More Settings" to "Off".


+------------------------------------------------------------------------------------------------+
; Parameter Settings for User Entity Instance: ro_puf:my_ro_puf|ring_oscillator:\ro_chain:12:ro0 ;
+----------------+-------+-----------------------------------------------------------------------+
; Parameter Name ; Value ; Type                                                                  ;
+----------------+-------+-----------------------------------------------------------------------+
; num_stages     ; 12    ; Signed Integer                                                        ;
+----------------+-------+-----------------------------------------------------------------------+
Note: In order to hide this table in the UI and the text report file, please set the "Show Parameter Settings in Synthesis Report" option in "Analysis and Synthesis Settings -> More Settings" to "Off".


+------------------------------------------------------------------------------------------------+
; Parameter Settings for User Entity Instance: ro_puf:my_ro_puf|ring_oscillator:\ro_chain:13:ro0 ;
+----------------+-------+-----------------------------------------------------------------------+
; Parameter Name ; Value ; Type                                                                  ;
+----------------+-------+-----------------------------------------------------------------------+
; num_stages     ; 12    ; Signed Integer                                                        ;
+----------------+-------+-----------------------------------------------------------------------+
Note: In order to hide this table in the UI and the text report file, please set the "Show Parameter Settings in Synthesis Report" option in "Analysis and Synthesis Settings -> More Settings" to "Off".


+------------------------------------------------------------------------------------------------+
; Parameter Settings for User Entity Instance: ro_puf:my_ro_puf|ring_oscillator:\ro_chain:14:ro0 ;
+----------------+-------+-----------------------------------------------------------------------+
; Parameter Name ; Value ; Type                                                                  ;
+----------------+-------+-----------------------------------------------------------------------+
; num_stages     ; 12    ; Signed Integer                                                        ;
+----------------+-------+-----------------------------------------------------------------------+
Note: In order to hide this table in the UI and the text report file, please set the "Show Parameter Settings in Synthesis Report" option in "Analysis and Synthesis Settings -> More Settings" to "Off".


+------------------------------------------------------------------------------------------------+
; Parameter Settings for User Entity Instance: ro_puf:my_ro_puf|ring_oscillator:\ro_chain:15:ro0 ;
+----------------+-------+-----------------------------------------------------------------------+
; Parameter Name ; Value ; Type                                                                  ;
+----------------+-------+-----------------------------------------------------------------------+
; num_stages     ; 12    ; Signed Integer                                                        ;
+----------------+-------+-----------------------------------------------------------------------+
Note: In order to hide this table in the UI and the text report file, please set the "Show Parameter Settings in Synthesis Report" option in "Analysis and Synthesis Settings -> More Settings" to "Off".


+------------------------------------------------------------------------------------------------------------------------+
; Port Connectivity Checks: "ro_puf:my_ro_puf|counter:\ro_chain:15:count0"                                               ;
+--------------+--------+----------+-------------------------------------------------------------------------------------+
; Port         ; Type   ; Severity ; Details                                                                             ;
+--------------+--------+----------+-------------------------------------------------------------------------------------+
; count_output ; Output ; Info     ; Connected to dangling logic. Logic that only feeds a dangling port will be removed. ;
+--------------+--------+----------+-------------------------------------------------------------------------------------+


+------------------------------------------------------------------------------------------------------------------------+
; Port Connectivity Checks: "ro_puf:my_ro_puf|counter:\ro_chain:14:count0"                                               ;
+--------------+--------+----------+-------------------------------------------------------------------------------------+
; Port         ; Type   ; Severity ; Details                                                                             ;
+--------------+--------+----------+-------------------------------------------------------------------------------------+
; count_output ; Output ; Info     ; Connected to dangling logic. Logic that only feeds a dangling port will be removed. ;
+--------------+--------+----------+-------------------------------------------------------------------------------------+


+------------------------------------------------------------------------------------------------------------------------+
; Port Connectivity Checks: "ro_puf:my_ro_puf|counter:\ro_chain:13:count0"                                               ;
+--------------+--------+----------+-------------------------------------------------------------------------------------+
; Port         ; Type   ; Severity ; Details                                                                             ;
+--------------+--------+----------+-------------------------------------------------------------------------------------+
; count_output ; Output ; Info     ; Connected to dangling logic. Logic that only feeds a dangling port will be removed. ;
+--------------+--------+----------+-------------------------------------------------------------------------------------+


+------------------------------------------------------------------------------------------------------------------------+
; Port Connectivity Checks: "ro_puf:my_ro_puf|counter:\ro_chain:12:count0"                                               ;
+--------------+--------+----------+-------------------------------------------------------------------------------------+
; Port         ; Type   ; Severity ; Details                                                                             ;
+--------------+--------+----------+-------------------------------------------------------------------------------------+
; count_output ; Output ; Info     ; Connected to dangling logic. Logic that only feeds a dangling port will be removed. ;
+--------------+--------+----------+-------------------------------------------------------------------------------------+


+------------------------------------------------------------------------------------------------------------------------+
; Port Connectivity Checks: "ro_puf:my_ro_puf|counter:\ro_chain:11:count0"                                               ;
+--------------+--------+----------+-------------------------------------------------------------------------------------+
; Port         ; Type   ; Severity ; Details                                                                             ;
+--------------+--------+----------+-------------------------------------------------------------------------------------+
; count_output ; Output ; Info     ; Connected to dangling logic. Logic that only feeds a dangling port will be removed. ;
+--------------+--------+----------+-------------------------------------------------------------------------------------+


+------------------------------------------------------------------------------------------------------------------------+
; Port Connectivity Checks: "ro_puf:my_ro_puf|counter:\ro_chain:10:count0"                                               ;
+--------------+--------+----------+-------------------------------------------------------------------------------------+
; Port         ; Type   ; Severity ; Details                                                                             ;
+--------------+--------+----------+-------------------------------------------------------------------------------------+
; count_output ; Output ; Info     ; Connected to dangling logic. Logic that only feeds a dangling port will be removed. ;
+--------------+--------+----------+-------------------------------------------------------------------------------------+


+------------------------------------------------------------------------------------------------------------------------+
; Port Connectivity Checks: "ro_puf:my_ro_puf|counter:\ro_chain:9:count0"                                                ;
+--------------+--------+----------+-------------------------------------------------------------------------------------+
; Port         ; Type   ; Severity ; Details                                                                             ;
+--------------+--------+----------+-------------------------------------------------------------------------------------+
; count_output ; Output ; Info     ; Connected to dangling logic. Logic that only feeds a dangling port will be removed. ;
+--------------+--------+----------+-------------------------------------------------------------------------------------+


+------------------------------------------------------------------------------------------------------------------------+
; Port Connectivity Checks: "ro_puf:my_ro_puf|counter:\ro_chain:8:count0"                                                ;
+--------------+--------+----------+-------------------------------------------------------------------------------------+
; Port         ; Type   ; Severity ; Details                                                                             ;
+--------------+--------+----------+-------------------------------------------------------------------------------------+
; count_output ; Output ; Info     ; Connected to dangling logic. Logic that only feeds a dangling port will be removed. ;
+--------------+--------+----------+-------------------------------------------------------------------------------------+


+------------------------------------------------------------------------------------------------------------------------+
; Port Connectivity Checks: "ro_puf:my_ro_puf|counter:\ro_chain:7:count0"                                                ;
+--------------+--------+----------+-------------------------------------------------------------------------------------+
; Port         ; Type   ; Severity ; Details                                                                             ;
+--------------+--------+----------+-------------------------------------------------------------------------------------+
; count_output ; Output ; Info     ; Connected to dangling logic. Logic that only feeds a dangling port will be removed. ;
+--------------+--------+----------+-------------------------------------------------------------------------------------+


+------------------------------------------------------------------------------------------------------------------------+
; Port Connectivity Checks: "ro_puf:my_ro_puf|counter:\ro_chain:6:count0"                                                ;
+--------------+--------+----------+-------------------------------------------------------------------------------------+
; Port         ; Type   ; Severity ; Details                                                                             ;
+--------------+--------+----------+-------------------------------------------------------------------------------------+
; count_output ; Output ; Info     ; Connected to dangling logic. Logic that only feeds a dangling port will be removed. ;
+--------------+--------+----------+-------------------------------------------------------------------------------------+


+------------------------------------------------------------------------------------------------------------------------+
; Port Connectivity Checks: "ro_puf:my_ro_puf|counter:\ro_chain:5:count0"                                                ;
+--------------+--------+----------+-------------------------------------------------------------------------------------+
; Port         ; Type   ; Severity ; Details                                                                             ;
+--------------+--------+----------+-------------------------------------------------------------------------------------+
; count_output ; Output ; Info     ; Connected to dangling logic. Logic that only feeds a dangling port will be removed. ;
+--------------+--------+----------+-------------------------------------------------------------------------------------+


+------------------------------------------------------------------------------------------------------------------------+
; Port Connectivity Checks: "ro_puf:my_ro_puf|counter:\ro_chain:4:count0"                                                ;
+--------------+--------+----------+-------------------------------------------------------------------------------------+
; Port         ; Type   ; Severity ; Details                                                                             ;
+--------------+--------+----------+-------------------------------------------------------------------------------------+
; count_output ; Output ; Info     ; Connected to dangling logic. Logic that only feeds a dangling port will be removed. ;
+--------------+--------+----------+-------------------------------------------------------------------------------------+


+------------------------------------------------------------------------------------------------------------------------+
; Port Connectivity Checks: "ro_puf:my_ro_puf|counter:\ro_chain:3:count0"                                                ;
+--------------+--------+----------+-------------------------------------------------------------------------------------+
; Port         ; Type   ; Severity ; Details                                                                             ;
+--------------+--------+----------+-------------------------------------------------------------------------------------+
; count_output ; Output ; Info     ; Connected to dangling logic. Logic that only feeds a dangling port will be removed. ;
+--------------+--------+----------+-------------------------------------------------------------------------------------+


+------------------------------------------------------------------------------------------------------------------------+
; Port Connectivity Checks: "ro_puf:my_ro_puf|counter:\ro_chain:2:count0"                                                ;
+--------------+--------+----------+-------------------------------------------------------------------------------------+
; Port         ; Type   ; Severity ; Details                                                                             ;
+--------------+--------+----------+-------------------------------------------------------------------------------------+
; count_output ; Output ; Info     ; Connected to dangling logic. Logic that only feeds a dangling port will be removed. ;
+--------------+--------+----------+-------------------------------------------------------------------------------------+


+------------------------------------------------------------------------------------------------------------------------+
; Port Connectivity Checks: "ro_puf:my_ro_puf|counter:\ro_chain:1:count0"                                                ;
+--------------+--------+----------+-------------------------------------------------------------------------------------+
; Port         ; Type   ; Severity ; Details                                                                             ;
+--------------+--------+----------+-------------------------------------------------------------------------------------+
; count_output ; Output ; Info     ; Connected to dangling logic. Logic that only feeds a dangling port will be removed. ;
+--------------+--------+----------+-------------------------------------------------------------------------------------+


+------------------------------------------------------------------------------------------------------------------------+
; Port Connectivity Checks: "ro_puf:my_ro_puf|counter:\ro_chain:0:count0"                                                ;
+--------------+--------+----------+-------------------------------------------------------------------------------------+
; Port         ; Type   ; Severity ; Details                                                                             ;
+--------------+--------+----------+-------------------------------------------------------------------------------------+
; count_output ; Output ; Info     ; Connected to dangling logic. Logic that only feeds a dangling port will be removed. ;
+--------------+--------+----------+-------------------------------------------------------------------------------------+


+---------------------------------------------------------------------------------------------------------------------+
; Port Connectivity Checks: "ro_puf:my_ro_puf"                                                                        ;
+-----------+--------+----------+-------------------------------------------------------------------------------------+
; Port      ; Type   ; Severity ; Details                                                                             ;
+-----------+--------+----------+-------------------------------------------------------------------------------------+
; challenge ; Input  ; Info     ; Stuck at GND                                                                        ;
; response  ; Output ; Info     ; Connected to dangling logic. Logic that only feeds a dangling port will be removed. ;
+-----------+--------+----------+-------------------------------------------------------------------------------------+


+-----------------------------------------------------+
; Post-Synthesis Netlist Statistics for Top Partition ;
+-----------------------+-----------------------------+
; Type                  ; Count                       ;
+-----------------------+-----------------------------+
; boundary_port         ; 6                           ;
; cycloneiii_lcell_comb ; 1                           ;
;     normal            ; 1                           ;
;         0 data inputs ; 1                           ;
;                       ;                             ;
; Max LUT depth         ; 0.00                        ;
; Average LUT depth     ; 0.00                        ;
+-----------------------+-----------------------------+


+-------------------------------+
; Elapsed Time Per Partition    ;
+----------------+--------------+
; Partition Name ; Elapsed Time ;
+----------------+--------------+
; Top            ; 00:00:00     ;
+----------------+--------------+


+-------------------------------+
; Analysis & Synthesis Messages ;
+-------------------------------+
Info: *******************************************************************
Info: Running Quartus Prime Analysis & Synthesis
    Info: Version 22.1std.2 Build 922 07/20/2023 SC Lite Edition
    Info: Processing started: Tue Oct 17 21:23:09 2023
Info: Command: quartus_map --read_settings_files=on --write_settings_files=off project1_ads -c project1_ads
Warning (18236): Number of processors has not been specified which may cause overloading on shared machines.  Set the global assignment NUM_PARALLEL_PROCESSORS in your QSF to an appropriate value for best performance.
Info (20030): Parallel compilation is enabled and will use 4 of the 4 processors detected
Info (12021): Found 2 design units, including 1 entities, in source file project1_ads.vhd
    Info (12022): Found design unit 1: project1_ads-top_level File: /home/smcginn-adsd/src/ads/project_1_ads/project1_ads.vhd Line: 36
    Info (12023): Found entity 1: project1_ads File: /home/smcginn-adsd/src/ads/project_1_ads/project1_ads.vhd Line: 9
Info (12021): Found 2 design units, including 1 entities, in source file ro_puf.vhd
    Info (12022): Found design unit 1: ro_puf-ro_puf_arch File: /home/smcginn-adsd/src/ads/project_1_ads/ro_puf.vhd Line: 32
    Info (12023): Found entity 1: ro_puf File: /home/smcginn-adsd/src/ads/project_1_ads/ro_puf.vhd Line: 9
Info (12021): Found 2 design units, including 1 entities, in source file ring_oscillator.vhd
    Info (12022): Found design unit 1: ring_oscillator-ro_arch File: /home/smcginn-adsd/src/ads/project_1_ads/ring_oscillator.vhd Line: 20
    Info (12023): Found entity 1: ring_oscillator File: /home/smcginn-adsd/src/ads/project_1_ads/ring_oscillator.vhd Line: 9
Info (12021): Found 2 design units, including 0 entities, in source file project1_pkg.vhd
    Info (12022): Found design unit 1: project1_pkg File: /home/smcginn-adsd/src/ads/project_1_ads/project1_pkg.vhd Line: 5
    Info (12022): Found design unit 2: project1_pkg-body File: /home/smcginn-adsd/src/ads/project_1_ads/project1_pkg.vhd Line: 100
Info (12021): Found 2 design units, including 1 entities, in source file counter.vhd
    Info (12022): Found design unit 1: counter-counter_arch File: /home/smcginn-adsd/src/ads/project_1_ads/counter.vhd Line: 21
    Info (12023): Found entity 1: counter File: /home/smcginn-adsd/src/ads/project_1_ads/counter.vhd Line: 8
Info (12021): Found 2 design units, including 1 entities, in source file my_inverter.vhd
    Info (12022): Found design unit 1: my_inverter-inverter_arch File: /home/smcginn-adsd/src/ads/project_1_ads/my_inverter.vhd Line: 12
    Info (12023): Found entity 1: my_inverter File: /home/smcginn-adsd/src/ads/project_1_ads/my_inverter.vhd Line: 5
Info (12021): Found 2 design units, including 1 entities, in source file my_nand2.vhd
    Info (12022): Found design unit 1: my_nand2-nand2_arch File: /home/smcginn-adsd/src/ads/project_1_ads/my_nand2.vhd Line: 13
    Info (12023): Found entity 1: my_nand2 File: /home/smcginn-adsd/src/ads/project_1_ads/my_nand2.vhd Line: 5
Info (12021): Found 2 design units, including 1 entities, in source file control_unit.vhd
    Info (12022): Found design unit 1: control_unit-fsm File: /home/smcginn-adsd/src/ads/project_1_ads/control_unit.vhd Line: 38
    Info (12023): Found entity 1: control_unit File: /home/smcginn-adsd/src/ads/project_1_ads/control_unit.vhd Line: 9
Info (12127): Elaborating entity "project1_ads" for the top level hierarchy
Warning (10541): VHDL Signal Declaration warning at project1_ads.vhd(22): used implicit default value for signal "reset" because signal was never assigned a value or an explicit default value. Use of implicit default value may introduce unintended design optimizations. File: /home/smcginn-adsd/src/ads/project_1_ads/project1_ads.vhd Line: 22
Warning (10541): VHDL Signal Declaration warning at project1_ads.vhd(26): used implicit default value for signal "done" because signal was never assigned a value or an explicit default value. Use of implicit default value may introduce unintended design optimizations. File: /home/smcginn-adsd/src/ads/project_1_ads/project1_ads.vhd Line: 26
Warning (10541): VHDL Signal Declaration warning at project1_ads.vhd(28): used implicit default value for signal "top_enable" because signal was never assigned a value or an explicit default value. Use of implicit default value may introduce unintended design optimizations. File: /home/smcginn-adsd/src/ads/project_1_ads/project1_ads.vhd Line: 28
Warning (10540): VHDL Signal Declaration warning at project1_ads.vhd(38): used explicit default value for signal "counter_selects" because signal was never assigned a value File: /home/smcginn-adsd/src/ads/project_1_ads/project1_ads.vhd Line: 38
Warning (10036): Verilog HDL or VHDL warning at project1_ads.vhd(39): object "compare_result" assigned a value but never read File: /home/smcginn-adsd/src/ads/project_1_ads/project1_ads.vhd Line: 39
Info (12128): Elaborating entity "ro_puf" for hierarchy "ro_puf:my_ro_puf" File: /home/smcginn-adsd/src/ads/project_1_ads/project1_ads.vhd Line: 41
Warning (10541): VHDL Signal Declaration warning at ro_puf.vhd(28): used implicit default value for signal "response" because signal was never assigned a value or an explicit default value. Use of implicit default value may introduce unintended design optimizations. File: /home/smcginn-adsd/src/ads/project_1_ads/ro_puf.vhd Line: 28
Warning (10036): Verilog HDL or VHDL warning at ro_puf.vhd(35): object "count_value" assigned a value but never read File: /home/smcginn-adsd/src/ads/project_1_ads/ro_puf.vhd Line: 35
Info (12128): Elaborating entity "ring_oscillator" for hierarchy "ro_puf:my_ro_puf|ring_oscillator:\ro_chain:0:ro0" File: /home/smcginn-adsd/src/ads/project_1_ads/ro_puf.vhd Line: 61
Info (12128): Elaborating entity "my_nand2" for hierarchy "ro_puf:my_ro_puf|ring_oscillator:\ro_chain:0:ro0|my_nand2:nand_stage" File: /home/smcginn-adsd/src/ads/project_1_ads/ring_oscillator.vhd Line: 32
Info (12128): Elaborating entity "my_inverter" for hierarchy "ro_puf:my_ro_puf|ring_oscillator:\ro_chain:0:ro0|my_inverter:\inverter_chain:0:u0" File: /home/smcginn-adsd/src/ads/project_1_ads/ring_oscillator.vhd Line: 41
Info (12128): Elaborating entity "counter" for hierarchy "ro_puf:my_ro_puf|counter:\ro_chain:0:count0" File: /home/smcginn-adsd/src/ads/project_1_ads/ro_puf.vhd Line: 69
Warning (13024): Output pins are stuck at VCC or GND
    Warning (13410): Pin "reset" is stuck at GND File: /home/smcginn-adsd/src/ads/project_1_ads/project1_ads.vhd Line: 22
    Warning (13410): Pin "done" is stuck at GND File: /home/smcginn-adsd/src/ads/project_1_ads/project1_ads.vhd Line: 26
    Warning (13410): Pin "top_enable" is stuck at GND File: /home/smcginn-adsd/src/ads/project_1_ads/project1_ads.vhd Line: 28
Info (16010): Generating hard_block partition "hard_block:auto_generated_inst"
    Info (16011): Adding 0 node(s), including 0 DDIO, 0 PLL, 0 transceiver and 0 LCELL
Warning (21074): Design contains 3 input pin(s) that do not drive logic
    Warning (15610): No output dependent on input pin "clock" File: /home/smcginn-adsd/src/ads/project_1_ads/project1_ads.vhd Line: 24
    Warning (15610): No output dependent on input pin "counts_en" File: /home/smcginn-adsd/src/ads/project_1_ads/project1_ads.vhd Line: 30
    Warning (15610): No output dependent on input pin "counts_reset" File: /home/smcginn-adsd/src/ads/project_1_ads/project1_ads.vhd Line: 32
Info (21057): Implemented 6 device resources after synthesis - the final resource count might be different
    Info (21058): Implemented 3 input pins
    Info (21059): Implemented 3 output pins
Info: Quartus Prime Analysis & Synthesis was successful. 0 errors, 16 warnings
    Info: Peak virtual memory: 423 megabytes
    Info: Processing ended: Tue Oct 17 21:23:18 2023
    Info: Elapsed time: 00:00:09
    Info: Total CPU time (on all processors): 00:00:19


